// Jest Snapshot v1, https://goo.gl/fbAQLP

exports[`SettingsLayout renders 1`] = `
<Fragment>
  <SettingsColumn>
    <SettingsHeader>
      <StyledBreadcrumbWrapper>
        <SettingsHamburgerIcon
          align="center"
          disabled={false}
          icon="icon-activity"
          onClick={[Function]}
        />
        <ConnectedSettingsBreadcrumb
          route={Object {}}
          routes={Array []}
        />
      </StyledBreadcrumbWrapper>
      <StyledSettingsSearch
        routes={Array []}
      />
    </SettingsHeader>
    <MaxWidthContainer>
      <Content />
    </MaxWidthContainer>
  </SettingsColumn>
</Fragment>
`;
